// Jest Snapshot v1, https://goo.gl/fbAQLP

exports[`my app unit test renders the UI as expected 1`] = `
<div
  className="App"
>
  testing
  <div>
    <button
      onClick={[Function]}
    >
      Click me!
    </button>
  </div>
</div>
`;
